// Jest Snapshot v1, https://goo.gl/fbAQLP

exports[`StyledTitleText render correctly 1`] = `
.c0 {
  width: 100%;
}

.c1 {
  color: #2A685B;
  font-weight: 900;
  font-size: 45px;
  margin-left: 10%;
  margin-top: 24px;
  text-align: left;
  margin-bottom: 36px;
}

<div
  className="c0"
>
  <div
    className="c1"
    color="#2A685B"
  />
</div>
`;
