// Jest Snapshot v1, https://goo.gl/fbAQLP

exports[`CardIcon render correctly 1`] = `
.c0 {
  margin-top: 4rem;
  position: relative;
  width: 80px;
  height: 108px;
}

.c3 {
  position: absolute;
  display: -webkit-box;
  display: -webkit-flex;
  display: -ms-flexbox;
  display: flex;
  width: 80px;
  height: 108px;
  left: 0;
  bottom: 0;
  background: #c4c4c4;
  border: 3px solid white;
}

.c2 {
  position: absolute;
  display: -webkit-box;
  display: -webkit-flex;
  display: -ms-flexbox;
  display: flex;
  width: 80px;
  height: 108px;
  left: 0;
  bottom: 0;
  background: #c4c4c4;
  border: 3px solid white;
  left: 20%;
  bottom: 15%;
}

.c1 {
  position: absolute;
  display: -webkit-box;
  display: -webkit-flex;
  display: -ms-flexbox;
  display: flex;
  width: 80px;
  height: 108px;
  left: 0;
  bottom: 0;
  background: #c4c4c4;
  border: 3px solid white;
  left: 40%;
  bottom: 30%;
}

.c4 {
  position: absolute;
  top: 50%;
  left: 50%;
  -webkit-transform: translate(-50%,-50%);
  -ms-transform: translate(-50%,-50%);
  transform: translate(-50%,-50%);
  font-family: Fredoka One;
  font-style: normal;
  font-weight: 900;
  font-size: 30px;
  line-height: 18px;
  text-align: center;
  color: #000000;
}

<div
  className="c0"
>
  <div
    className="c1"
  />
  <div
    className="c2"
  />
  <div
    className="c3"
  />
  <div
    className="c4"
  />
</div>
`;
