// Jest Snapshot v1, https://goo.gl/fbAQLP

exports[`Big Flash Card BigFlashCard render correctly 1`] = `
.c3 {
  position: absolute;
  left: 50%;
  -webkit-transform: translate(-50%,-50%);
  -ms-transform: translate(-50%,-50%);
  transform: translate(-50%,-50%);
}

.c3.svg1 {
  z-index: 1;
  top: 58%;
}

.c3.svg2 {
  z-index: 0;
  top: 63%;
}

.c0 {
  height: 390px;
  width: 283px;
  position: relative;
}

.c1 {
  -webkit-transition: all 1s;
  transition: all 1s;
}

.c1.c1 {
  margin: 0px auto 0 auto;
  z-index: 2;
  background: #FFFBF4;
  color: #1b1414c9;
  width: 352PX;
  height: 460PX;
  border-radius: 11px;
}

.c1.c1 > .ant-card-body {
  min-height: 100%;
  display: -webkit-box;
  display: -webkit-flex;
  display: -ms-flexbox;
  display: flex;
  -webkit-align-items: center;
  -webkit-box-align: center;
  -ms-flex-align: center;
  align-items: center;
  -webkit-box-pack: center;
  -webkit-justify-content: center;
  -ms-flex-pack: center;
  justify-content: center;
}

.c2 {
  height: 100%;
  display: -webkit-box;
  display: -webkit-flex;
  display: -ms-flexbox;
  display: flex;
  -webkit-box-pack: center;
  -webkit-justify-content: center;
  -ms-flex-pack: center;
  justify-content: center;
  font-size: 20px;
  font-weight: 900;
  -webkit-transition: all 1s;
  transition: all 1s;
}

<div>
   
  <div
    class="c0"
    data-testid="StyledCardContainer"
    style="position: relative;"
  >
    <div
      class="ant-card c1 ant-card-bordered"
      position="front"
    >
      <div
        class="ant-card-body"
      >
        <div
          class="c2"
        >
          This is a question
        </div>
      </div>
    </div>
    <div
      class=""
    >
      <svg
        class="c3 svg1"
        fill="none"
        height="489.59999999999997"
        viewBox="0 0 277 408"
        width="332.4"
        xmlns="http://www.w3.org/2000/svg"
      >
        <rect
          fill="#FFF5E2"
          height="407.558"
          rx="11"
          width="276.311"
          x="0.491211"
        />
      </svg>
      <svg
        class="c3 svg2"
        fill="none"
        height="489.59999999999997"
        viewBox="0 0 262 385"
        width="332.4"
        xmlns="http://www.w3.org/2000/svg"
      >
        <rect
          fill="#E9E0D0"
          height="384.558"
          rx="11"
          width="260.717"
          x="0.949219"
        />
      </svg>
    </div>
  </div>
   
</div>
`;
