// Jest Snapshot v1, https://goo.gl/fbAQLP

exports[`StyledCardDeck render correctly 1`] = `
.c0 {
  position: block;
  left: 0;
  top: 0;
  width: -webkit-min-content;
  width: -moz-min-content;
  width: min-content;
  height: -webkit-min-content;
  height: -moz-min-content;
  height: min-content;
}

.c1 {
  position: relative;
}

.c2 {
  z-index: 5;
  background: #FFFFFF;
}

.c2 > *::before,
.c2 *::after,
.c2 * {
  z-index: 5;
  opacity: 1;
  fill: #0d2545;
}

.c2 > g {
  z-index: 5;
  stroke: #FFFFFF;
  stroke-width: 1px;
}

<div>
  <div
    class="c0"
    data-testid="positional-container"
  >
    <div
      class="c1"
      data-testid="relative-container"
    >
      <svg
        class="c2"
        data-testid="synaps-brain"
        theme="[object Object]"
      >
        Frame.svg
      </svg>
    </div>
  </div>
</div>
`;

exports[`Synaps Brain renders correctly 1`] = `
.c0 {
  position: block;
  left: 0;
  top: 0;
  width: -webkit-min-content;
  width: -moz-min-content;
  width: min-content;
  height: -webkit-min-content;
  height: -moz-min-content;
  height: min-content;
}

.c1 {
  position: relative;
}

.c2 {
  z-index: 5;
  background: #FFFFFF;
}

.c2 > *::before,
.c2 *::after,
.c2 * {
  z-index: 5;
  opacity: 1;
  fill: #0d2545;
}

.c2 > g {
  z-index: 5;
  stroke: #FFFFFF;
  stroke-width: 1px;
}

<div>
  <div
    class="c0"
    data-testid="positional-container"
  >
    <div
      class="c1"
      data-testid="relative-container"
    >
      <svg
        class="c2"
        data-testid="synaps-brain"
        theme="[object Object]"
      >
        Frame.svg
      </svg>
    </div>
  </div>
</div>
`;
